---
source: src/floor_ceil_round_abs.rs
expression: "Variant::from(Color3::new(5.2, 8.4, 3.7)).floor()"
---
Color3:
  - 5
  - 8
  - 3
