---
source: src/floor_ceil_round_abs.rs
expression: "Variant::from(Color3uint8::new(12, 16, 2)).floor()"
---
Color3uint8:
  - 12
  - 16
  - 2
