---
source: src/floor_ceil_round_abs.rs
expression: "Variant::from(5.3f32).round()"
---
Float32: 5
