---
source: src/math_ops/float32.rs
expression: "16.2f32.modulus(&Vector3::new(5.0, 10.0, 15.0).into())"
---
Vector3:
  - 1.2000008
  - 6.200001
  - 1.2000008
