---
source: src/math_ops/vec3int16.rs
expression: "Vector3int16::new(15, 15, 15).add(&Vector3int16::new(5, 10, 5).into())"
---
Vector3int16:
  - 20
  - 25
  - 20
