---
source: src/math_ops/udim.rs
expression: "UDim::new(10.0, 32).pow(&5.0f32.into())"
---
UDim:
  - 100000
  - 33554432
