---
source: src/math_ops/vec2.rs
expression: "Vector2::new(175.0,\n5.0).floor_div(&Rect::new(Vector2::new(5.0, 10.0),\nVector2::new(5.0, 10.0)).into())"
---
Rect:
  - - 35
    - 0
  - - 35
    - 0
