---
source: src/math_ops/float32.rs
expression: "16.2f32.modulus(&Vector3int16::new(5, 10, 15).into())"
---
Vector3int16:
  - 1
  - 6
  - 1
