---
source: src/math_ops/color3uint8.rs
expression: "Color3uint8::new(255, 128, 51).add(&10.0f32.into())"
---
Color3uint8:
  - 255
  - 138
  - 61
