---
source: src/math_ops/udim.rs
expression: "UDim::new(10.0, 32).sub(&5.0f32.into())"
---
UDim:
  - 5
  - 32
