---
source: src/math_ops/float32.rs
expression: "10.0f32.mult(&UDim::new(10.0, 32).into())"
---
UDim:
  - 100
  - 320
