---
source: src/math_ops/color3.rs
expression: "Color3::new(1.0, 0.5, 0.2).pow(&Color3uint8::new(255, 128, 51).into())"
---
Color3:
  - 1
  - 0.70614636
  - 0.72477967
