---
source: src/math_ops/vec2int16.rs
expression: "Vector2int16::new(175,\n5).pow(&Rect::new(Vector2::new(5.0, 10.0), Vector2::new(5.0, 10.0)).into())"
---
Rect:
  - - 164130870000
    - 9765625
  - - 164130870000
    - 9765625
