---
source: src/math_ops/vec2.rs
expression: "Vector2::new(15.0, 15.0).add(&5f32.into())"
---
Vector2:
  - 20
  - 20
