---
source: src/math_ops/color3.rs
expression: "Color3::new(1.0, 0.5, 0.2).floor_div(&16.2f32.into())"
---
Color3:
  - 0
  - 0
  - 0
