---
source: src/math_ops/vec3.rs
expression: "Vector3::new(15.0, 15.0, 15.0).add(&5f32.into())"
---
Vector3:
  - 20
  - 20
  - 20
