---
source: src/math_ops/udim2.rs
expression: "UDim2::new(UDim::new(5.0, 32), UDim::new(5.0, 32)).add(&10.0f32.into())"
---
UDim2:
  - - 15
    - 32
  - - 15
    - 32
