---
source: src/math_ops/udim.rs
expression: "UDim::new(5.0, 16).div(&UDim::new(10.0, 32).into())"
---
UDim:
  - 0.5
  - 0
