---
source: src/math_ops/float32.rs
expression: 10.0f32.mult(&5.0f32.into())
---
Float32: 50
