---
source: src/math_ops/color3uint8.rs
expression: "Color3uint8::new(255, 128,\n51).floor_div(&Color3uint8::new(255, 128, 51).into())"
---
Color3uint8:
  - 1
  - 1
  - 1
