---
source: src/math_ops/float32.rs
expression: 10.0f32.add(&5.0f32.into())
---
Float32: 15
