---
source: src/math_ops/vec2.rs
expression: "Vector2::new(175.0,\n5.0).mult(&Rect::new(Vector2::new(5.0, 10.0), Vector2::new(5.0, 10.0)).into())"
---
Rect:
  - - 875
    - 50
  - - 875
    - 50
