---
source: src/math_ops/float32.rs
expression: "10.0f32.mult(&Vector2int16::new(5, 15).into())"
---
Vector2int16:
  - 50
  - 150
