---
source: src/math_ops/vec3.rs
expression: "Vector3::new(15.0, 15.0, 15.0).sub(&Vector3int16::new(5, 10, 5).into())"
---
Vector3:
  - 10
  - 5
  - 10
